// Jest Snapshot v1, https://goo.gl/fbAQLP

exports[`the salutation component renders correctly 1`] = `
<h1>
  Salutations!
</h1>
`;
