// Jest Snapshot v1, https://goo.gl/fbAQLP

exports[`the counter renders correctly 1`] = `
<h2>
  0
   seconds since the last refresh
</h2>
`;
